Vivado Simulator v2023.1
Copyright 1986-2022 Xilinx, Inc. All Rights Reserved.
Copyright 2022-2023 Advanced Micro Devices, Inc. All Rights Reserved.
Running: D:/Xilinx/Vivado/2023.1/bin/unwrapped/win64.o/xelab.exe --incr --debug typical --relax --mt 2 -L xil_defaultlib -L unisims_ver -L unimacro_ver -L secureip --snapshot booth_mul_tb_behav xil_defaultlib.booth_mul_tb xil_defaultlib.glbl -log elaborate.log 
Using 2 slave threads.
Starting static elaboration
Pass Through NonSizing Optimizer
Completed static elaboration
Starting simulation data flow analysis
Completed simulation data flow analysis
Time Resolution for simulation is 1ps
Compiling module xil_defaultlib.ProductRegister
Compiling module xil_defaultlib.MRegister
Compiling module xil_defaultlib.Add_Sub
Compiling module xil_defaultlib.upcounter
Compiling module xil_defaultlib.Architecture
Compiling module xil_defaultlib.controller
Compiling module xil_defaultlib.booth_mul
Compiling module xil_defaultlib.booth_mul_tb
Compiling module xil_defaultlib.glbl
Built simulation snapshot booth_mul_tb_behav
